{
  "version": "1.5.0",
  "plugins_used": [
    {
      "name": "ArtifactoryDetector"
    },
    {
      "name": "AWSKeyDetector"
    },
    {
      "name": "AzureStorageKeyDetector"
    },
    {
      "name": "Base64HighEntropyString",
      "limit": 4.5
    },
    {
      "name": "BasicAuthDetector"
    },
    {
      "name": "CloudantDetector"
    },
    {
      "name": "DiscordBotTokenDetector"
    },
    {
      "name": "GitHubTokenDetector"
    },
    {
      "name": "GitLabTokenDetector"
    },
    {
      "name": "HexHighEntropyString",
      "limit": 3.0
    },
    {
      "name": "IbmCloudIamDetector"
    },
    {
      "name": "IbmCosHmacDetector"
    },
    {
      "name": "IPPublicDetector"
    },
    {
      "name": "JwtTokenDetector"
    },
    {
      "name": "KeywordDetector",
      "keyword_exclude": ""
    },
    {
      "name": "MailchimpDetector"
    },
    {
      "name": "NpmDetector"
    },
    {
      "name": "OpenAIDetector"
    },
    {
      "name": "PrivateKeyDetector"
    },
    {
      "name": "PypiTokenDetector"
    },
    {
      "name": "SendGridDetector"
    },
    {
      "name": "SlackDetector"
    },
    {
      "name": "SoftlayerDetector"
    },
    {
      "name": "SquareOAuthDetector"
    },
    {
      "name": "StripeDetector"
    },
    {
      "name": "TelegramBotTokenDetector"
    },
    {
      "name": "TwilioKeyDetector"
    }
  ],
  "filters_used": [
    {
      "path": "detect_secrets.filters.allowlist.is_line_allowlisted"
    },
    {
      "path": "detect_secrets.filters.common.is_ignored_due_to_verification_policies",
      "min_level": 2
    },
    {
      "path": "detect_secrets.filters.heuristic.is_indirect_reference"
    },
    {
      "path": "detect_secrets.filters.heuristic.is_likely_id_string"
    },
    {
      "path": "detect_secrets.filters.heuristic.is_lock_file"
    },
    {
      "path": "detect_secrets.filters.heuristic.is_not_alphanumeric_string"
    },
    {
      "path": "detect_secrets.filters.heuristic.is_potential_uuid"
    },
    {
      "path": "detect_secrets.filters.heuristic.is_prefixed_with_dollar_sign"
    },
    {
      "path": "detect_secrets.filters.heuristic.is_sequential_string"
    },
    {
      "path": "detect_secrets.filters.heuristic.is_swagger_file"
    },
    {
      "path": "detect_secrets.filters.heuristic.is_templated_secret"
    }
  ],
  "results": {
    ".env": [
      {
        "type": "Telegram Bot Token",
        "filename": ".env",
        "hashed_secret": "da6194664ce4c1df3f690fdde8ad7b4903ded794",
        "is_verified": true,
        "line_number": 3
      }
    ],
    ".venv/lib/python3.9/site-packages/PIL/ImageFont.py": [
      {
        "type": "AWS Access Key",
        "filename": ".venv/lib/python3.9/site-packages/PIL/ImageFont.py",
        "hashed_secret": "7cd36fc7fde5cd9ce13dc7762a82c45fa2deb663",
        "is_verified": false,
        "line_number": 1274
      }
    ],
    ".venv/lib/python3.9/site-packages/contourpy/util/_build_config.py": [
      {
        "type": "Base64 High Entropy String",
        "filename": ".venv/lib/python3.9/site-packages/contourpy/util/_build_config.py",
        "hashed_secret": "88b4744086acc25e76375393bc76409a4545182b",
        "is_verified": false,
        "line_number": 19
      }
    ],
    ".venv/lib/python3.9/site-packages/detect_secrets-1.5.0.dist-info/entry_points.txt": [
      {
        "type": "Secret Keyword",
        "filename": ".venv/lib/python3.9/site-packages/detect_secrets-1.5.0.dist-info/entry_points.txt",
        "hashed_secret": "a55cc495941ba0f382d3090386f5e07e63ef423d",
        "is_verified": false,
        "line_number": 2
      }
    ],
    ".venv/lib/python3.9/site-packages/detect_secrets/core/potential_secret.py": [
      {
        "type": "Secret Keyword",
        "filename": ".venv/lib/python3.9/site-packages/detect_secrets/core/potential_secret.py",
        "hashed_secret": "522bb49471c191584acd7dc2ceb42c03ca384a56",
        "is_verified": false,
        "line_number": 80
      }
    ],
    ".venv/lib/python3.9/site-packages/detect_secrets/main.py": [
      {
        "type": "Secret Keyword",
        "filename": ".venv/lib/python3.9/site-packages/detect_secrets/main.py",
        "hashed_secret": "97cdbdc7feff827efb082a6b6dd2727237cd49fd",
        "is_verified": false,
        "line_number": 96
      }
    ],
    ".venv/lib/python3.9/site-packages/detect_secrets/plugins/artifactory.py": [
      {
        "type": "Secret Keyword",
        "filename": ".venv/lib/python3.9/site-packages/detect_secrets/plugins/artifactory.py",
        "hashed_secret": "4825f8a411ba7cf9879a5f20331cab599299461a",
        "is_verified": false,
        "line_number": 8
      }
    ],
    ".venv/lib/python3.9/site-packages/detect_secrets/plugins/aws.py": [
      {
        "type": "Secret Keyword",
        "filename": ".venv/lib/python3.9/site-packages/detect_secrets/plugins/aws.py",
        "hashed_secret": "f2c45c60a2b1d2e8be265ff4b81faff4b90ac37d",
        "is_verified": false,
        "line_number": 23
      }
    ],
    ".venv/lib/python3.9/site-packages/detect_secrets/plugins/azure_storage_key.py": [
      {
        "type": "Secret Keyword",
        "filename": ".venv/lib/python3.9/site-packages/detect_secrets/plugins/azure_storage_key.py",
        "hashed_secret": "b80344e49f04ffacb0e65b37348bf05cf6435d28",
        "is_verified": false,
        "line_number": 11
      }
    ],
    ".venv/lib/python3.9/site-packages/detect_secrets/plugins/base.py": [
      {
        "type": "Secret Keyword",
        "filename": ".venv/lib/python3.9/site-packages/detect_secrets/plugins/base.py",
        "hashed_secret": "0beec7b5ea3f0fdbc95d0dd47f3c5bc275da8a33",
        "is_verified": false,
        "line_number": 156
      }
    ],
    ".venv/lib/python3.9/site-packages/detect_secrets/plugins/basic_auth.py": [
      {
        "type": "Secret Keyword",
        "filename": ".venv/lib/python3.9/site-packages/detect_secrets/plugins/basic_auth.py",
        "hashed_secret": "37b12e79df06e491c18cfe099eaf8aca6eae297c",
        "is_verified": false,
        "line_number": 17
      }
    ],
    ".venv/lib/python3.9/site-packages/detect_secrets/plugins/cloudant.py": [
      {
        "type": "Secret Keyword",
        "filename": ".venv/lib/python3.9/site-packages/detect_secrets/plugins/cloudant.py",
        "hashed_secret": "4010fd1234708a61d161d124b0cd8e0a79e9786a",
        "is_verified": false,
        "line_number": 14
      }
    ],
    ".venv/lib/python3.9/site-packages/detect_secrets/plugins/discord.py": [
      {
        "type": "Secret Keyword",
        "filename": ".venv/lib/python3.9/site-packages/detect_secrets/plugins/discord.py",
        "hashed_secret": "80e2bc3729001eef2f5b8e6bdf1632ed394aa8af",
        "is_verified": false,
        "line_number": 11
      }
    ],
    ".venv/lib/python3.9/site-packages/detect_secrets/plugins/github_token.py": [
      {
        "type": "Secret Keyword",
        "filename": ".venv/lib/python3.9/site-packages/detect_secrets/plugins/github_token.py",
        "hashed_secret": "677cedf7877737a2cb84fa055fb71200a93bd9ad",
        "is_verified": false,
        "line_number": 11
      }
    ],
    ".venv/lib/python3.9/site-packages/detect_secrets/plugins/gitlab_token.py": [
      {
        "type": "Secret Keyword",
        "filename": ".venv/lib/python3.9/site-packages/detect_secrets/plugins/gitlab_token.py",
        "hashed_secret": "ff9238b5782acd2176d54becea530127aeb3d8fe",
        "is_verified": false,
        "line_number": 12
      }
    ],
    ".venv/lib/python3.9/site-packages/detect_secrets/plugins/high_entropy_strings.py": [
      {
        "type": "Secret Keyword",
        "filename": ".venv/lib/python3.9/site-packages/detect_secrets/plugins/high_entropy_strings.py",
        "hashed_secret": "6fe31bb7eab1420120775f24ab313c585e5a0115",
        "is_verified": false,
        "line_number": 142
      },
      {
        "type": "Secret Keyword",
        "filename": ".venv/lib/python3.9/site-packages/detect_secrets/plugins/high_entropy_strings.py",
        "hashed_secret": "2fd896385ddd0129c48bc014dc662af63082d200",
        "is_verified": false,
        "line_number": 160
      }
    ],
    ".venv/lib/python3.9/site-packages/detect_secrets/plugins/ibm_cloud_iam.py": [
      {
        "type": "Secret Keyword",
        "filename": ".venv/lib/python3.9/site-packages/detect_secrets/plugins/ibm_cloud_iam.py",
        "hashed_secret": "bc5d769a55d08aa6f3ed3f167c058ec35376fec0",
        "is_verified": false,
        "line_number": 12
      }
    ],
    ".venv/lib/python3.9/site-packages/detect_secrets/plugins/ibm_cos_hmac.py": [
      {
        "type": "Secret Keyword",
        "filename": ".venv/lib/python3.9/site-packages/detect_secrets/plugins/ibm_cos_hmac.py",
        "hashed_secret": "5ac3c034e6f3a896546359d21cb309575717f05b",
        "is_verified": false,
        "line_number": 21
      }
    ],
    ".venv/lib/python3.9/site-packages/detect_secrets/plugins/ip_public.py": [
      {
        "type": "Secret Keyword",
        "filename": ".venv/lib/python3.9/site-packages/detect_secrets/plugins/ip_public.py",
        "hashed_secret": "0b1f769a9e28e054d7df348c98b0cba1917febb4",
        "is_verified": false,
        "line_number": 19
      }
    ],
    ".venv/lib/python3.9/site-packages/detect_secrets/plugins/jwt.py": [
      {
        "type": "Secret Keyword",
        "filename": ".venv/lib/python3.9/site-packages/detect_secrets/plugins/jwt.py",
        "hashed_secret": "932ca321c659a3b97ee2611d4c44ec5f65e2aa9c",
        "is_verified": false,
        "line_number": 14
      }
    ],
    ".venv/lib/python3.9/site-packages/detect_secrets/plugins/keyword.py": [
      {
        "type": "Secret Keyword",
        "filename": ".venv/lib/python3.9/site-packages/detect_secrets/plugins/keyword.py",
        "hashed_secret": "f32b67c7e26342af42efabc674d441dca0a281c5",
        "is_verified": false,
        "line_number": 67
      },
      {
        "type": "Secret Keyword",
        "filename": ".venv/lib/python3.9/site-packages/detect_secrets/plugins/keyword.py",
        "hashed_secret": "0beec7b5ea3f0fdbc95d0dd47f3c5bc275da8a33",
        "is_verified": false,
        "line_number": 122
      },
      {
        "type": "Secret Keyword",
        "filename": ".venv/lib/python3.9/site-packages/detect_secrets/plugins/keyword.py",
        "hashed_secret": "62cdb7020ff920e5aa642c3d4066950dd1f01f4d",
        "is_verified": false,
        "line_number": 133
      },
      {
        "type": "Secret Keyword",
        "filename": ".venv/lib/python3.9/site-packages/detect_secrets/plugins/keyword.py",
        "hashed_secret": "1af17e73721dbe0c40011b82ed4bb1a7dbe3ce29",
        "is_verified": false,
        "line_number": 196
      },
      {
        "type": "Secret Keyword",
        "filename": ".venv/lib/python3.9/site-packages/detect_secrets/plugins/keyword.py",
        "hashed_secret": "f9b72e805000a5ea310939e167b6b1c2888125f7",
        "is_verified": false,
        "line_number": 269
      }
    ],
    ".venv/lib/python3.9/site-packages/detect_secrets/plugins/mailchimp.py": [
      {
        "type": "Secret Keyword",
        "filename": ".venv/lib/python3.9/site-packages/detect_secrets/plugins/mailchimp.py",
        "hashed_secret": "35903c2a33d34d4cd19835ee9493a65fc1a7e4bc",
        "is_verified": false,
        "line_number": 15
      }
    ],
    ".venv/lib/python3.9/site-packages/detect_secrets/plugins/npm.py": [
      {
        "type": "Secret Keyword",
        "filename": ".venv/lib/python3.9/site-packages/detect_secrets/plugins/npm.py",
        "hashed_secret": "91f845de51016327363f57d22da2466cbc652314",
        "is_verified": false,
        "line_number": 11
      }
    ],
    ".venv/lib/python3.9/site-packages/detect_secrets/plugins/openai.py": [
      {
        "type": "Secret Keyword",
        "filename": ".venv/lib/python3.9/site-packages/detect_secrets/plugins/openai.py",
        "hashed_secret": "660b79d7d79f4aaa174580076ef6e079b8a81914",
        "is_verified": false,
        "line_number": 11
      }
    ],
    ".venv/lib/python3.9/site-packages/detect_secrets/plugins/private_key.py": [
      {
        "type": "Secret Keyword",
        "filename": ".venv/lib/python3.9/site-packages/detect_secrets/plugins/private_key.py",
        "hashed_secret": "ade5ddaf2557ee93225fc565adbfe1ade3bae3a0",
        "is_verified": false,
        "line_number": 40
      },
      {
        "type": "Private Key",
        "filename": ".venv/lib/python3.9/site-packages/detect_secrets/plugins/private_key.py",
        "hashed_secret": "daefe0b4345a654580dcad25c7c11ff4c944a8c0",
        "is_verified": false,
        "line_number": 45
      },
      {
        "type": "Private Key",
        "filename": ".venv/lib/python3.9/site-packages/detect_secrets/plugins/private_key.py",
        "hashed_secret": "f0778f3e140a61d5bbbed5430773e52af2f5fba4",
        "is_verified": false,
        "line_number": 46
      },
      {
        "type": "Private Key",
        "filename": ".venv/lib/python3.9/site-packages/detect_secrets/plugins/private_key.py",
        "hashed_secret": "27c6929aef41ae2bcadac15ca6abcaff72cda9cd",
        "is_verified": false,
        "line_number": 47
      },
      {
        "type": "Private Key",
        "filename": ".venv/lib/python3.9/site-packages/detect_secrets/plugins/private_key.py",
        "hashed_secret": "4ada9713ec27066b2ffe0b7bd9c9c8d635dc4ab2",
        "is_verified": false,
        "line_number": 48
      },
      {
        "type": "Private Key",
        "filename": ".venv/lib/python3.9/site-packages/detect_secrets/plugins/private_key.py",
        "hashed_secret": "1348b145fa1a555461c1b790a2f66614781091e9",
        "is_verified": false,
        "line_number": 49
      },
      {
        "type": "Private Key",
        "filename": ".venv/lib/python3.9/site-packages/detect_secrets/plugins/private_key.py",
        "hashed_secret": "be4fc4886bd949b369d5e092eb87494f12e57e5b",
        "is_verified": false,
        "line_number": 50
      },
      {
        "type": "Private Key",
        "filename": ".venv/lib/python3.9/site-packages/detect_secrets/plugins/private_key.py",
        "hashed_secret": "9279619d0c9a9529b0b223e3b809f4df24b8ba8b",
        "is_verified": false,
        "line_number": 51
      },
      {
        "type": "Private Key",
        "filename": ".venv/lib/python3.9/site-packages/detect_secrets/plugins/private_key.py",
        "hashed_secret": "11200d1bf5e1eb358b5d823c443347d97e982a85",
        "is_verified": false,
        "line_number": 52
      }
    ],
    ".venv/lib/python3.9/site-packages/detect_secrets/plugins/pypi_token.py": [
      {
        "type": "Secret Keyword",
        "filename": ".venv/lib/python3.9/site-packages/detect_secrets/plugins/pypi_token.py",
        "hashed_secret": "9b42f32269056810ecc07889f4bc0f2f20afd427",
        "is_verified": false,
        "line_number": 11
      }
    ],
    ".venv/lib/python3.9/site-packages/detect_secrets/plugins/sendgrid.py": [
      {
        "type": "Secret Keyword",
        "filename": ".venv/lib/python3.9/site-packages/detect_secrets/plugins/sendgrid.py",
        "hashed_secret": "2c59a4461d825cb06039b5b4d3edf6b83dfac044",
        "is_verified": false,
        "line_number": 11
      }
    ],
    ".venv/lib/python3.9/site-packages/detect_secrets/plugins/slack.py": [
      {
        "type": "Secret Keyword",
        "filename": ".venv/lib/python3.9/site-packages/detect_secrets/plugins/slack.py",
        "hashed_secret": "f53d14b97c7cdfa2eaac4b240c8ff4876a47640a",
        "is_verified": false,
        "line_number": 17
      }
    ],
    ".venv/lib/python3.9/site-packages/detect_secrets/plugins/softlayer.py": [
      {
        "type": "Secret Keyword",
        "filename": ".venv/lib/python3.9/site-packages/detect_secrets/plugins/softlayer.py",
        "hashed_secret": "d5d8ace6d124d2522a81bfae43b01b5c905dc2b8",
        "is_verified": false,
        "line_number": 14
      }
    ],
    ".venv/lib/python3.9/site-packages/detect_secrets/plugins/square_oauth.py": [
      {
        "type": "Secret Keyword",
        "filename": ".venv/lib/python3.9/site-packages/detect_secrets/plugins/square_oauth.py",
        "hashed_secret": "cc357703e7cb9f49dabce90321937ace687b20f0",
        "is_verified": false,
        "line_number": 8
      }
    ],
    ".venv/lib/python3.9/site-packages/detect_secrets/plugins/stripe.py": [
      {
        "type": "Secret Keyword",
        "filename": ".venv/lib/python3.9/site-packages/detect_secrets/plugins/stripe.py",
        "hashed_secret": "b4685568c7c8d5d49451a187014711ebc75f70af",
        "is_verified": false,
        "line_number": 12
      }
    ],
    ".venv/lib/python3.9/site-packages/detect_secrets/plugins/telegram_token.py": [
      {
        "type": "Secret Keyword",
        "filename": ".venv/lib/python3.9/site-packages/detect_secrets/plugins/telegram_token.py",
        "hashed_secret": "abfd5b9f85b54e77c61438784d766292e3a7f46b",
        "is_verified": false,
        "line_number": 14
      }
    ],
    ".venv/lib/python3.9/site-packages/detect_secrets/plugins/twilio.py": [
      {
        "type": "Secret Keyword",
        "filename": ".venv/lib/python3.9/site-packages/detect_secrets/plugins/twilio.py",
        "hashed_secret": "688ecd55118006d5bad4cd43f4a26a98a06bec19",
        "is_verified": false,
        "line_number": 11
      },
      {
        "type": "Twilio API Key",
        "filename": ".venv/lib/python3.9/site-packages/detect_secrets/plugins/twilio.py",
        "hashed_secret": "3c7206eff845bc69cf12d904d0f95f9aec15535e",
        "is_verified": false,
        "line_number": 14
      },
      {
        "type": "Twilio API Key",
        "filename": ".venv/lib/python3.9/site-packages/detect_secrets/plugins/twilio.py",
        "hashed_secret": "34c2246140bc39b1fce81d9be2124f713a06bdaf",
        "is_verified": false,
        "line_number": 17
      }
    ],
    ".venv/lib/python3.9/site-packages/httpx/_urls.py": [
      {
        "type": "Secret Keyword",
        "filename": ".venv/lib/python3.9/site-packages/httpx/_urls.py",
        "hashed_secret": "66b9e5aef98ced908e577140bccee56bcf4d29b9",
        "is_verified": false,
        "line_number": 21
      },
      {
        "type": "Basic Auth Credentials",
        "filename": ".venv/lib/python3.9/site-packages/httpx/_urls.py",
        "hashed_secret": "86efd7a4b462b1f97dc94b27c2860dc1bcbde38d",
        "is_verified": false,
        "line_number": 34
      }
    ],
    ".venv/lib/python3.9/site-packages/numpy/__config__.py": [
      {
        "type": "Base64 High Entropy String",
        "filename": ".venv/lib/python3.9/site-packages/numpy/__config__.py",
        "hashed_secret": "8d266a40f33caa7d1d1694b8723089ddc60877a2",
        "is_verified": false,
        "line_number": 96
      }
    ],
    ".venv/lib/python3.9/site-packages/numpy/_core/_string_helpers.py": [
      {
        "type": "Base64 High Entropy String",
        "filename": ".venv/lib/python3.9/site-packages/numpy/_core/_string_helpers.py",
        "hashed_secret": "9b979763ab7bf00d075a6af7659862a7e19f9482",
        "is_verified": false,
        "line_number": 35
      },
      {
        "type": "Base64 High Entropy String",
        "filename": ".venv/lib/python3.9/site-packages/numpy/_core/_string_helpers.py",
        "hashed_secret": "5a84846dedc4aacef08cc9fa401a9e640823ab28",
        "is_verified": false,
        "line_number": 36
      },
      {
        "type": "Base64 High Entropy String",
        "filename": ".venv/lib/python3.9/site-packages/numpy/_core/_string_helpers.py",
        "hashed_secret": "2932d696a6390d171de9e11771cb632c92d76401",
        "is_verified": false,
        "line_number": 64
      }
    ],
    ".venv/lib/python3.9/site-packages/numpy/_core/tests/test_defchararray.py": [
      {
        "type": "Hex High Entropy String",
        "filename": ".venv/lib/python3.9/site-packages/numpy/_core/tests/test_defchararray.py",
        "hashed_secret": "70a11e96fe8142a81eae2f14a6db093b48f8da8e",
        "is_verified": false,
        "line_number": 480
      }
    ],
    ".venv/lib/python3.9/site-packages/numpy/_core/tests/test_regression.py": [
      {
        "type": "Hex High Entropy String",
        "filename": ".venv/lib/python3.9/site-packages/numpy/_core/tests/test_regression.py",
        "hashed_secret": "e2a4480bc4a5ce0d1cd53d37219ae00e4b10600b",
        "is_verified": false,
        "line_number": 1486
      }
    ],
    ".venv/lib/python3.9/site-packages/numpy/_core/tests/test_stringdtype.py": [
      {
        "type": "Base64 High Entropy String",
        "filename": ".venv/lib/python3.9/site-packages/numpy/_core/tests/test_stringdtype.py",
        "hashed_secret": "ed23e0ab84a5ed72a0a093a5884afdd54e2f2c15",
        "is_verified": false,
        "line_number": 1105
      }
    ],
    ".venv/lib/python3.9/site-packages/numpy/_core/tests/test_strings.py": [
      {
        "type": "Hex High Entropy String",
        "filename": ".venv/lib/python3.9/site-packages/numpy/_core/tests/test_strings.py",
        "hashed_secret": "a45a360e6ff9bceaf3fcfef370a6d6e1d4ba9271",
        "is_verified": false,
        "line_number": 175
      },
      {
        "type": "Hex High Entropy String",
        "filename": ".venv/lib/python3.9/site-packages/numpy/_core/tests/test_strings.py",
        "hashed_secret": "70a11e96fe8142a81eae2f14a6db093b48f8da8e",
        "is_verified": false,
        "line_number": 913
      }
    ],
    ".venv/lib/python3.9/site-packages/numpy/distutils/cpuinfo.py": [
      {
        "type": "Base64 High Entropy String",
        "filename": ".venv/lib/python3.9/site-packages/numpy/distutils/cpuinfo.py",
        "hashed_secret": "83ab4edaa78ec794e7dc55ac46d2a92178590e9a",
        "is_verified": false,
        "line_number": 475
      }
    ],
    ".venv/lib/python3.9/site-packages/numpy/distutils/mingw32ccompiler.py": [
      {
        "type": "Hex High Entropy String",
        "filename": ".venv/lib/python3.9/site-packages/numpy/distutils/mingw32ccompiler.py",
        "hashed_secret": "58ff3b2344c706d3cb75c34eb2aadf1527aaeea7",
        "is_verified": false,
        "line_number": 523
      }
    ],
    ".venv/lib/python3.9/site-packages/numpy/f2py/tests/test_docs.py": [
      {
        "type": "Hex High Entropy String",
        "filename": ".venv/lib/python3.9/site-packages/numpy/f2py/tests/test_docs.py",
        "hashed_secret": "f001e4a5e5e31ea3e2ffaecddf7780cdf4bf482e",
        "is_verified": false,
        "line_number": 38
      },
      {
        "type": "Hex High Entropy String",
        "filename": ".venv/lib/python3.9/site-packages/numpy/f2py/tests/test_docs.py",
        "hashed_secret": "deaadc03d735ea04c9e428b9d98459825a563161",
        "is_verified": false,
        "line_number": 44
      }
    ],
    ".venv/lib/python3.9/site-packages/numpy/random/tests/test_generator_mt19937.py": [
      {
        "type": "Hex High Entropy String",
        "filename": ".venv/lib/python3.9/site-packages/numpy/random/tests/test_generator_mt19937.py",
        "hashed_secret": "6a680d731539a137b00b71d6033907fd07cf2cd8",
        "is_verified": false,
        "line_number": 23
      },
      {
        "type": "Hex High Entropy String",
        "filename": ".venv/lib/python3.9/site-packages/numpy/random/tests/test_generator_mt19937.py",
        "hashed_secret": "0f2303affd655e5041f363af354c885f9c92f044",
        "is_verified": false,
        "line_number": 24
      },
      {
        "type": "Hex High Entropy String",
        "filename": ".venv/lib/python3.9/site-packages/numpy/random/tests/test_generator_mt19937.py",
        "hashed_secret": "9a50c40e9daf2821ecebb0f8b0ded29dd9e7deb7",
        "is_verified": false,
        "line_number": 29
      },
      {
        "type": "Hex High Entropy String",
        "filename": ".venv/lib/python3.9/site-packages/numpy/random/tests/test_generator_mt19937.py",
        "hashed_secret": "1253f86f15634a5ff9cf49899619a698db0bf719",
        "is_verified": false,
        "line_number": 30
      },
      {
        "type": "Hex High Entropy String",
        "filename": ".venv/lib/python3.9/site-packages/numpy/random/tests/test_generator_mt19937.py",
        "hashed_secret": "cf5dadc730597237bebcbfde216b32db911303c9",
        "is_verified": false,
        "line_number": 35
      },
      {
        "type": "Hex High Entropy String",
        "filename": ".venv/lib/python3.9/site-packages/numpy/random/tests/test_generator_mt19937.py",
        "hashed_secret": "6ad82d6ae3712db4c8a92a904e65d4abb5109e3d",
        "is_verified": false,
        "line_number": 36
      },
      {
        "type": "Hex High Entropy String",
        "filename": ".venv/lib/python3.9/site-packages/numpy/random/tests/test_generator_mt19937.py",
        "hashed_secret": "20972d23e879312313cdc923a77ad18a568265b1",
        "is_verified": false,
        "line_number": 497
      },
      {
        "type": "Hex High Entropy String",
        "filename": ".venv/lib/python3.9/site-packages/numpy/random/tests/test_generator_mt19937.py",
        "hashed_secret": "2941cea2b78fbfa331050b38e52c6509669392c9",
        "is_verified": false,
        "line_number": 498
      },
      {
        "type": "Hex High Entropy String",
        "filename": ".venv/lib/python3.9/site-packages/numpy/random/tests/test_generator_mt19937.py",
        "hashed_secret": "ce7013aecd30388140c8ccc075a348aa3717119b",
        "is_verified": false,
        "line_number": 499
      },
      {
        "type": "Hex High Entropy String",
        "filename": ".venv/lib/python3.9/site-packages/numpy/random/tests/test_generator_mt19937.py",
        "hashed_secret": "eb49852c5466fafe8912dd6d6e9a67dc19ba74d1",
        "is_verified": false,
        "line_number": 500
      },
      {
        "type": "Hex High Entropy String",
        "filename": ".venv/lib/python3.9/site-packages/numpy/random/tests/test_generator_mt19937.py",
        "hashed_secret": "6fa4821286076da76bc37a8620b73e53a6631d4d",
        "is_verified": false,
        "line_number": 501
      },
      {
        "type": "Hex High Entropy String",
        "filename": ".venv/lib/python3.9/site-packages/numpy/random/tests/test_generator_mt19937.py",
        "hashed_secret": "57a1f37bbdd5973da34661d92c3611dd9e707747",
        "is_verified": false,
        "line_number": 928
      }
    ],
    ".venv/lib/python3.9/site-packages/numpy/random/tests/test_random.py": [
      {
        "type": "Hex High Entropy String",
        "filename": ".venv/lib/python3.9/site-packages/numpy/random/tests/test_random.py",
        "hashed_secret": "c34ae8e3b3b3cec4fafedd684138a2a3ed003147",
        "is_verified": false,
        "line_number": 224
      },
      {
        "type": "Hex High Entropy String",
        "filename": ".venv/lib/python3.9/site-packages/numpy/random/tests/test_random.py",
        "hashed_secret": "7876bc696e945e229cc7d7aeec1e289ee6e19597",
        "is_verified": false,
        "line_number": 225
      },
      {
        "type": "Hex High Entropy String",
        "filename": ".venv/lib/python3.9/site-packages/numpy/random/tests/test_random.py",
        "hashed_secret": "6a2510e0375ad9422810149f5290eeb8a7b5ed29",
        "is_verified": false,
        "line_number": 226
      },
      {
        "type": "Hex High Entropy String",
        "filename": ".venv/lib/python3.9/site-packages/numpy/random/tests/test_random.py",
        "hashed_secret": "49ff9d1d949e6ba9fd6888ed8938b50ce176d263",
        "is_verified": false,
        "line_number": 227
      },
      {
        "type": "Hex High Entropy String",
        "filename": ".venv/lib/python3.9/site-packages/numpy/random/tests/test_random.py",
        "hashed_secret": "bf1ad3197b63868084530315c4aaca508019e938",
        "is_verified": false,
        "line_number": 228
      }
    ],
    ".venv/lib/python3.9/site-packages/numpy/random/tests/test_randomstate.py": [
      {
        "type": "Hex High Entropy String",
        "filename": ".venv/lib/python3.9/site-packages/numpy/random/tests/test_randomstate.py",
        "hashed_secret": "c1caceb5a488bbf44406ee48aa7595676a5f8c96",
        "is_verified": false,
        "line_number": 29
      },
      {
        "type": "Hex High Entropy String",
        "filename": ".venv/lib/python3.9/site-packages/numpy/random/tests/test_randomstate.py",
        "hashed_secret": "49b37171c3c40b85a24ca7abc0384333ab4fd945",
        "is_verified": false,
        "line_number": 30
      },
      {
        "type": "Hex High Entropy String",
        "filename": ".venv/lib/python3.9/site-packages/numpy/random/tests/test_randomstate.py",
        "hashed_secret": "81834ffdcb34ad16e3721447668784af19f6b879",
        "is_verified": false,
        "line_number": 31
      },
      {
        "type": "Hex High Entropy String",
        "filename": ".venv/lib/python3.9/site-packages/numpy/random/tests/test_randomstate.py",
        "hashed_secret": "446f27b64f76fb9940dad53a1f01e73a6d67561a",
        "is_verified": false,
        "line_number": 32
      },
      {
        "type": "Hex High Entropy String",
        "filename": ".venv/lib/python3.9/site-packages/numpy/random/tests/test_randomstate.py",
        "hashed_secret": "39e897539283987c7a273bd966dae2b7ad293b82",
        "is_verified": false,
        "line_number": 33
      },
      {
        "type": "Hex High Entropy String",
        "filename": ".venv/lib/python3.9/site-packages/numpy/random/tests/test_randomstate.py",
        "hashed_secret": "52413579978a99b7b5f08177189e739f3bce5bbe",
        "is_verified": false,
        "line_number": 34
      },
      {
        "type": "Hex High Entropy String",
        "filename": ".venv/lib/python3.9/site-packages/numpy/random/tests/test_randomstate.py",
        "hashed_secret": "9ae0d46162c54f618755b6a72e365c2d726bd156",
        "is_verified": false,
        "line_number": 35
      },
      {
        "type": "Hex High Entropy String",
        "filename": ".venv/lib/python3.9/site-packages/numpy/random/tests/test_randomstate.py",
        "hashed_secret": "57113841908ed50f3c986491584e811f18f56bad",
        "is_verified": false,
        "line_number": 36
      },
      {
        "type": "Hex High Entropy String",
        "filename": ".venv/lib/python3.9/site-packages/numpy/random/tests/test_randomstate.py",
        "hashed_secret": "6739bb662f695683bbccbba5f53867d3d79ca346",
        "is_verified": false,
        "line_number": 39
      },
      {
        "type": "Hex High Entropy String",
        "filename": ".venv/lib/python3.9/site-packages/numpy/random/tests/test_randomstate.py",
        "hashed_secret": "f589f0448ee4815ce2ed8d990aac9501ce33d70d",
        "is_verified": false,
        "line_number": 40
      },
      {
        "type": "Hex High Entropy String",
        "filename": ".venv/lib/python3.9/site-packages/numpy/random/tests/test_randomstate.py",
        "hashed_secret": "c622ea6ab866b4ae909868e5d5ec743a05cb54df",
        "is_verified": false,
        "line_number": 41
      },
      {
        "type": "Hex High Entropy String",
        "filename": ".venv/lib/python3.9/site-packages/numpy/random/tests/test_randomstate.py",
        "hashed_secret": "49e4a11a2b1d16f48866988743aefd59b13712c6",
        "is_verified": false,
        "line_number": 42
      },
      {
        "type": "Hex High Entropy String",
        "filename": ".venv/lib/python3.9/site-packages/numpy/random/tests/test_randomstate.py",
        "hashed_secret": "b1fa23e74c90e8f2c7d687a1a2e931ec203f8172",
        "is_verified": false,
        "line_number": 43
      },
      {
        "type": "Hex High Entropy String",
        "filename": ".venv/lib/python3.9/site-packages/numpy/random/tests/test_randomstate.py",
        "hashed_secret": "16c99bceeca68f3f71e0dc6fdf82b287e98b96f3",
        "is_verified": false,
        "line_number": 44
      },
      {
        "type": "Hex High Entropy String",
        "filename": ".venv/lib/python3.9/site-packages/numpy/random/tests/test_randomstate.py",
        "hashed_secret": "15a43b6c0406b117212943bf6d2f4379cdd4c8d2",
        "is_verified": false,
        "line_number": 45
      },
      {
        "type": "Hex High Entropy String",
        "filename": ".venv/lib/python3.9/site-packages/numpy/random/tests/test_randomstate.py",
        "hashed_secret": "4a5f3f2b9de0cd873ed1a016d0fd821745dfc12d",
        "is_verified": false,
        "line_number": 46
      },
      {
        "type": "Hex High Entropy String",
        "filename": ".venv/lib/python3.9/site-packages/numpy/random/tests/test_randomstate.py",
        "hashed_secret": "c34ae8e3b3b3cec4fafedd684138a2a3ed003147",
        "is_verified": false,
        "line_number": 344
      },
      {
        "type": "Hex High Entropy String",
        "filename": ".venv/lib/python3.9/site-packages/numpy/random/tests/test_randomstate.py",
        "hashed_secret": "7876bc696e945e229cc7d7aeec1e289ee6e19597",
        "is_verified": false,
        "line_number": 345
      },
      {
        "type": "Hex High Entropy String",
        "filename": ".venv/lib/python3.9/site-packages/numpy/random/tests/test_randomstate.py",
        "hashed_secret": "6a2510e0375ad9422810149f5290eeb8a7b5ed29",
        "is_verified": false,
        "line_number": 346
      },
      {
        "type": "Hex High Entropy String",
        "filename": ".venv/lib/python3.9/site-packages/numpy/random/tests/test_randomstate.py",
        "hashed_secret": "49ff9d1d949e6ba9fd6888ed8938b50ce176d263",
        "is_verified": false,
        "line_number": 347
      },
      {
        "type": "Hex High Entropy String",
        "filename": ".venv/lib/python3.9/site-packages/numpy/random/tests/test_randomstate.py",
        "hashed_secret": "bf1ad3197b63868084530315c4aaca508019e938",
        "is_verified": false,
        "line_number": 348
      }
    ],
    ".venv/lib/python3.9/site-packages/numpy/version.py": [
      {
        "type": "Hex High Entropy String",
        "filename": ".venv/lib/python3.9/site-packages/numpy/version.py",
        "hashed_secret": "803dd1e98a66ac444129daa91d3dfb6a3b90b4c6",
        "is_verified": false,
        "line_number": 9
      }
    ],
    ".venv/lib/python3.9/site-packages/pandas/_version.py": [
      {
        "type": "Hex High Entropy String",
        "filename": ".venv/lib/python3.9/site-packages/pandas/_version.py",
        "hashed_secret": "d7cba5f396dffa31de20f462aab3a76efea0f993",
        "is_verified": false,
        "line_number": 29
      }
    ],
    ".venv/lib/python3.9/site-packages/pandas/_version_meson.py": [
      {
        "type": "Hex High Entropy String",
        "filename": ".venv/lib/python3.9/site-packages/pandas/_version_meson.py",
        "hashed_secret": "d7cba5f396dffa31de20f462aab3a76efea0f993",
        "is_verified": false,
        "line_number": 2
      }
    ],
    ".venv/lib/python3.9/site-packages/pandas/tests/io/formats/style/test_html.py": [
      {
        "type": "Basic Auth Credentials",
        "filename": ".venv/lib/python3.9/site-packages/pandas/tests/io/formats/style/test_html.py",
        "hashed_secret": "9d4e1e23bd5b727046a9e3b4b7db57bd8d6ee684",
        "is_verified": false,
        "line_number": 791
      }
    ],
    ".venv/lib/python3.9/site-packages/pandas/tests/io/json/test_pandas.py": [
      {
        "type": "Hex High Entropy String",
        "filename": ".venv/lib/python3.9/site-packages/pandas/tests/io/json/test_pandas.py",
        "hashed_secret": "52c14f8357e8509c6f52ccd3fb36a3b4595ed314",
        "is_verified": false,
        "line_number": 641
      }
    ],
    ".venv/lib/python3.9/site-packages/pandas/tests/io/pytables/test_put.py": [
      {
        "type": "Base64 High Entropy String",
        "filename": ".venv/lib/python3.9/site-packages/pandas/tests/io/pytables/test_put.py",
        "hashed_secret": "dea3c171abcdfb3e8380d6860630f618eb6e074f",
        "is_verified": false,
        "line_number": 148
      }
    ],
    ".venv/lib/python3.9/site-packages/pandas/tests/io/test_sql.py": [
      {
        "type": "Basic Auth Credentials",
        "filename": ".venv/lib/python3.9/site-packages/pandas/tests/io/test_sql.py",
        "hashed_secret": "afc848c316af1a89d49826c5ae9d00ed769415f3",
        "is_verified": false,
        "line_number": 656
      },
      {
        "type": "Basic Auth Credentials",
        "filename": ".venv/lib/python3.9/site-packages/pandas/tests/io/test_sql.py",
        "hashed_secret": "9d4e1e23bd5b727046a9e3b4b7db57bd8d6ee684",
        "is_verified": false,
        "line_number": 2547
      }
    ],
    ".venv/lib/python3.9/site-packages/pandas/tests/util/test_hashing.py": [
      {
        "type": "Base64 High Entropy String",
        "filename": ".venv/lib/python3.9/site-packages/pandas/tests/util/test_hashing.py",
        "hashed_secret": "af038539f391ca04b902a6da9d08a8ba3c5bd5a8",
        "is_verified": false,
        "line_number": 358
      },
      {
        "type": "Base64 High Entropy String",
        "filename": ".venv/lib/python3.9/site-packages/pandas/tests/util/test_hashing.py",
        "hashed_secret": "07fe56ea63762480e2c05572d6aac5b7a07e4f97",
        "is_verified": false,
        "line_number": 359
      }
    ],
    ".venv/lib/python3.9/site-packages/pip/_vendor/urllib3/util/url.py": [
      {
        "type": "Basic Auth Credentials",
        "filename": ".venv/lib/python3.9/site-packages/pip/_vendor/urllib3/util/url.py",
        "hashed_secret": "5baa61e4c9b93f3f0682250b6cf8331b7ee68fd8",
        "is_verified": false,
        "line_number": 148
      }
    ],
    ".venv/lib/python3.9/site-packages/pre_commit/commands/install_uninstall.py": [
      {
        "type": "Hex High Entropy String",
        "filename": ".venv/lib/python3.9/site-packages/pre_commit/commands/install_uninstall.py",
        "hashed_secret": "9b9dd75e14b3d5daf49efe7ad4b33158e83f3118",
        "is_verified": false,
        "line_number": 24
      },
      {
        "type": "Hex High Entropy String",
        "filename": ".venv/lib/python3.9/site-packages/pre_commit/commands/install_uninstall.py",
        "hashed_secret": "3f8c0253b8b8f48e4163987a57887d65bf47acef",
        "is_verified": false,
        "line_number": 25
      },
      {
        "type": "Hex High Entropy String",
        "filename": ".venv/lib/python3.9/site-packages/pre_commit/commands/install_uninstall.py",
        "hashed_secret": "5760247c1ef6a849a9844d08c09cb84dda49969a",
        "is_verified": false,
        "line_number": 26
      },
      {
        "type": "Hex High Entropy String",
        "filename": ".venv/lib/python3.9/site-packages/pre_commit/commands/install_uninstall.py",
        "hashed_secret": "dee152431eea26b9d52e4cfd363ff2d78b8c4ebd",
        "is_verified": false,
        "line_number": 27
      },
      {
        "type": "Hex High Entropy String",
        "filename": ".venv/lib/python3.9/site-packages/pre_commit/commands/install_uninstall.py",
        "hashed_secret": "24594121c136246cf8c2de7ee1ee39f71e2d41d4",
        "is_verified": false,
        "line_number": 28
      },
      {
        "type": "Hex High Entropy String",
        "filename": ".venv/lib/python3.9/site-packages/pre_commit/commands/install_uninstall.py",
        "hashed_secret": "3b83f939b10fedeb7d0956a22f8696be8315df51",
        "is_verified": false,
        "line_number": 30
      }
    ],
    ".venv/lib/python3.9/site-packages/urllib3/util/url.py": [
      {
        "type": "Basic Auth Credentials",
        "filename": ".venv/lib/python3.9/site-packages/urllib3/util/url.py",
        "hashed_secret": "5baa61e4c9b93f3f0682250b6cf8331b7ee68fd8",
        "is_verified": false,
        "line_number": 186
      }
    ],
    ".venv/lib/python3.9/site-packages/virtualenv/seed/wheels/embed/__init__.py": [
      {
        "type": "Hex High Entropy String",
        "filename": ".venv/lib/python3.9/site-packages/virtualenv/seed/wheels/embed/__init__.py",
        "hashed_secret": "668a11cd336fba5168b53b9483142aec6ea8b5d6",
        "is_verified": false,
        "line_number": 51
      },
      {
        "type": "Hex High Entropy String",
        "filename": ".venv/lib/python3.9/site-packages/virtualenv/seed/wheels/embed/__init__.py",
        "hashed_secret": "ffc0c2f4335e005632a60e45b97fbe4cd9282d78",
        "is_verified": false,
        "line_number": 52
      },
      {
        "type": "Hex High Entropy String",
        "filename": ".venv/lib/python3.9/site-packages/virtualenv/seed/wheels/embed/__init__.py",
        "hashed_secret": "65727d48a15eab9f0782aef7b1e721d99c7b520f",
        "is_verified": false,
        "line_number": 53
      },
      {
        "type": "Hex High Entropy String",
        "filename": ".venv/lib/python3.9/site-packages/virtualenv/seed/wheels/embed/__init__.py",
        "hashed_secret": "8b4f9b0f5b08ece90b5d3fa2a907b68c8f9c87da",
        "is_verified": false,
        "line_number": 54
      },
      {
        "type": "Hex High Entropy String",
        "filename": ".venv/lib/python3.9/site-packages/virtualenv/seed/wheels/embed/__init__.py",
        "hashed_secret": "0bf4b8756f9f16c1fc31c8665f155055c3aa5325",
        "is_verified": false,
        "line_number": 55
      },
      {
        "type": "Hex High Entropy String",
        "filename": ".venv/lib/python3.9/site-packages/virtualenv/seed/wheels/embed/__init__.py",
        "hashed_secret": "bf1ae313f03f95677a57819aaac9542462a95acb",
        "is_verified": false,
        "line_number": 56
      }
    ]
  },
  "generated_at": "2026-05-09T04:35:19Z"
}
